// Jest Snapshot v1, https://goo.gl/fbAQLP

exports[`Rate Component renders correctly 1`] = `
<Container>
  <Footer>
    <Card
      button="Rate"
      onPress={[Function]}
      styles={
        Object {
          "titleView": Object {
            "marginTop": 0,
          },
        }
      }
      text="Every rating means the world to us.

★★★★★"
      theme="light"
      title="LOVING THE APP?"
    />
  </Footer>
</Container>
`;
