// Jest Snapshot v1, https://goo.gl/fbAQLP

exports[`Settings Component renders correctly 1`] = `
<Container>
  <CompactListItem
    onPress={[Function]}
    title="Share app with a friend"
  />
  <CompactListItem
    onPress={[Function]}
    title="Share your ideas with us"
  />
  <View
    style={
      Object {
        "alignItems": "center",
        "bottom": 256,
        "display": "flex",
        "justifyContent": "center",
        "position": "absolute",
        "width": "100%",
      }
    }
  >
    <Text
      style={
        Object {
          "color": "#9B9B9B",
          "fontFamily": "Roboto-Medium",
          "fontSize": 14,
        }
      }
    >
      App Version N/A (N/A)
    </Text>
  </View>
  <Footer>
    <Links>
      <Link
        onPress={[Function]}
        text="FAQ"
        theme="light"
      />
      <Link
        onPress={[Function]}
        text="Support"
        theme="light"
      />
      <Link
        onPress={[Function]}
        text="About"
        theme="light"
      />
      <Link
        onPress={[Function]}
        text="Privacy"
        theme="light"
      />
    </Links>
  </Footer>
</Container>
`;
