// Jest Snapshot v1, https://goo.gl/fbAQLP

exports[`Player Component renders correctly 1`] = `
<Container
  dark={true}
>
  <View
    style={
      Object {
        "flexDirection": "row",
        "margin": 16,
        "marginBottom": 0,
        "marginTop": 32,
      }
    }
  >
    <TouchableOpacity
      activeOpacity={0.2}
      onPress={[Function]}
    >
      <Image
        source={
          Object {
            "process": [Function],
          }
        }
      />
    </TouchableOpacity>
    <View
      style={
        Object {
          "flex": 1,
        }
      }
    />
    <TouchableOpacity
      activeOpacity={0.2}
      onPress={[Function]}
    >
      <Image
        source={
          Object {
            "process": [Function],
          }
        }
      />
    </TouchableOpacity>
  </View>
  <View
    style={
      Object {
        "alignItems": "center",
        "display": "flex",
        "flexDirection": "row",
        "justifyContent": "center",
        "width": "100%",
      }
    }
  >
    <ChamferImageButton
      image={
        Object {
          "process": [Function],
        }
      }
      onPress={[Function]}
    />
    <View
      style={
        Object {
          "marginHorizontal": 16,
        }
      }
    >
      <ArrowJoystick
        onDown={[Function]}
        onLeft={[Function]}
        onLongPress={[Function]}
        onLongPressOut={[Function]}
        onRight={[Function]}
        onUp={[Function]}
      />
    </View>
    <ChamferImageButton
      image={
        Object {
          "process": [Function],
        }
      }
      onPress={[Function]}
    />
  </View>
  <View
    style={
      Object {
        "marginVertical": 16,
      }
    }
  >
    <View
      key="0"
      style={
        Object {
          "alignItems": "center",
          "display": "flex",
          "flexDirection": "row",
          "justifyContent": "center",
          "width": "100%",
        }
      }
    >
      <View
        key="1"
        style={
          Object {
            "margin": 8,
          }
        }
      >
        <ChamferImageButton
          image={
            Object {
              "process": [Function],
            }
          }
          onPress={[Function]}
        />
      </View>
      <View
        key="2"
        style={
          Object {
            "margin": 8,
          }
        }
      >
        <ChamferImageButton
          image={
            Object {
              "process": [Function],
            }
          }
          onPress={[Function]}
        />
      </View>
      <View
        key="3"
        style={
          Object {
            "margin": 8,
          }
        }
      >
        <ChamferImageButton
          image={
            Object {
              "process": [Function],
            }
          }
          onPress={[Function]}
        />
      </View>
      <View
        key="4"
        style={
          Object {
            "margin": 8,
          }
        }
      >
        <ChamferImageButton
          image={
            Object {
              "process": [Function],
            }
          }
          onPress={[Function]}
        />
      </View>
      <View
        key="5"
        style={
          Object {
            "margin": 8,
          }
        }
      >
        <ChamferImageButton
          image={
            Object {
              "process": [Function],
            }
          }
          onPress={[Function]}
        />
      </View>
    </View>
    <View
      key="6"
      style={
        Object {
          "alignItems": "center",
          "display": "flex",
          "flexDirection": "row",
          "justifyContent": "center",
          "width": "100%",
        }
      }
    >
      <View
        key="7"
        style={
          Object {
            "margin": 8,
          }
        }
      >
        <ChamferImageButton
          image={
            Object {
              "process": [Function],
            }
          }
          onPress={[Function]}
        />
      </View>
      <View
        key="8"
        style={
          Object {
            "margin": 8,
          }
        }
      >
        <ChamferImageButton
          image={
            Object {
              "process": [Function],
            }
          }
          onPress={[Function]}
        />
      </View>
      <View
        key="9"
        style={
          Object {
            "margin": 8,
          }
        }
      >
        <ChamferImageButton
          image={
            Object {
              "process": [Function],
            }
          }
          onPress={[Function]}
        />
      </View>
      <View
        key="10"
        style={
          Object {
            "margin": 8,
          }
        }
      >
        <ChamferImageButton
          image={
            Object {
              "process": [Function],
            }
          }
          onPress={[Function]}
        />
      </View>
      <View
        key="11"
        style={
          Object {
            "margin": 8,
          }
        }
      >
        <ChamferImageButton
          image={
            Object {
              "process": [Function],
            }
          }
          onPress={[Function]}
        />
      </View>
    </View>
    <View
      key="12"
      style={
        Object {
          "alignItems": "center",
          "display": "flex",
          "flexDirection": "row",
          "justifyContent": "center",
          "width": "100%",
        }
      }
    >
      <View
        key="13"
        style={
          Object {
            "margin": 8,
          }
        }
      >
        <ChamferImageButton
          image={
            Object {
              "process": [Function],
            }
          }
          onPress={[Function]}
        />
      </View>
      <View
        key="14"
        style={
          Object {
            "margin": 8,
          }
        }
      >
        <ChamferImageButton
          image={
            Object {
              "process": [Function],
            }
          }
          onPress={[Function]}
        />
      </View>
      <View
        key="15"
        style={
          Object {
            "margin": 8,
          }
        }
      >
        <ChamferImageButton
          image={
            Object {
              "process": [Function],
            }
          }
          onPress={[Function]}
        />
      </View>
      <View
        key="16"
        style={
          Object {
            "margin": 8,
          }
        }
      >
        <ChamferImageButton
          image={
            Object {
              "process": [Function],
            }
          }
          onPress={[Function]}
        />
      </View>
      <View
        key="17"
        style={
          Object {
            "margin": 8,
          }
        }
      >
        <ChamferImageButton
          image={
            Object {
              "process": [Function],
            }
          }
          onPress={[Function]}
        />
      </View>
    </View>
  </View>
  <View
    style={
      Array [
        Object {
          "backgroundColor": "#2D2D64",
          "borderTopColor": "#FAFAFA",
          "borderTopWidth": 1,
          "bottom": 0,
          "left": 0,
          "minHeight": 80,
          "paddingBottom": 32,
          "paddingTop": 32,
          "position": "absolute",
          "width": "100%",
          "zIndex": 9999,
        },
        Object {
          "borderTopWidth": 0,
        },
      ]
    }
  >
    <BottomNav
      onTabPress={[Function]}
      tabs={
        Array [
          Object {
            "category": "Skills",
            "id": "skills",
            "image": Object {
              "process": [Function],
            },
            "items": Array [
              Object {
                "cmd": "M 19",
                "image": Object {
                  "process": [Function],
                },
                "stopAtEnd": true,
                "title": "Jitter",
              },
              Object {
                "cmd": "M 8",
                "image": Object {
                  "process": [Function],
                },
                "stopAtEnd": true,
                "title": "Swing",
              },
              Object {
                "cmd": "M 14",
                "image": Object {
                  "process": [Function],
                },
                "stopAtEnd": true,
                "title": "Tiptoe",
              },
              Object {
                "cmd": "M 20",
                "image": Object {
                  "process": [Function],
                },
                "stopAtEnd": true,
                "title": "Ascend",
              },
              Object {
                "cmd": "M 5",
                "image": Object {
                  "process": [Function],
                },
                "stopAtEnd": true,
                "title": "Up Down",
              },
              Object {
                "cmd": "M 13",
                "image": Object {
                  "process": [Function],
                },
                "stopAtEnd": true,
                "title": "Flap Back",
              },
              Object {
                "cmd": "M 7",
                "image": Object {
                  "process": [Function],
                },
                "stopAtEnd": true,
                "title": "Moonwalk Left",
              },
              Object {
                "cmd": "M 17",
                "image": Object {
                  "process": [Function],
                },
                "stopAtEnd": true,
                "title": "Shake Left",
              },
              Object {
                "cmd": "M 15",
                "image": Object {
                  "process": [Function],
                },
                "stopAtEnd": true,
                "title": "Bend Left",
              },
              Object {
                "cmd": "M 10",
                "image": Object {
                  "process": [Function],
                },
                "stopAtEnd": true,
                "title": "Cross Left",
              },
              Object {
                "cmd": "M 12",
                "image": Object {
                  "process": [Function],
                },
                "stopAtEnd": true,
                "title": "Flap Front",
              },
              Object {
                "cmd": "M 6",
                "image": Object {
                  "process": [Function],
                },
                "stopAtEnd": true,
                "title": "Moonwalk Right",
              },
              Object {
                "cmd": "M 18",
                "image": Object {
                  "process": [Function],
                },
                "stopAtEnd": true,
                "title": "Shake Right",
              },
              Object {
                "cmd": "M 16",
                "image": Object {
                  "process": [Function],
                },
                "stopAtEnd": true,
                "title": "Bend Right",
              },
              Object {
                "cmd": "M 9",
                "image": Object {
                  "process": [Function],
                },
                "stopAtEnd": true,
                "title": "Cross Right",
              },
            ],
          },
          Object {
            "category": "Sounds",
            "id": "sounds",
            "image": Object {
              "process": [Function],
            },
            "items": Array [
              Object {
                "cmd": "K 16",
                "image": Object {
                  "process": [Function],
                },
                "stopAtEnd": false,
                "title": "Sing 1",
              },
              Object {
                "cmd": "K 17",
                "image": Object {
                  "process": [Function],
                },
                "stopAtEnd": false,
                "title": "Sing 2",
              },
              Object {
                "cmd": "K 18",
                "image": Object {
                  "process": [Function],
                },
                "stopAtEnd": false,
                "title": "Sing 3",
              },
              Object {
                "cmd": "K 4",
                "image": Object {
                  "process": [Function],
                },
                "stopAtEnd": false,
                "title": "OhOoh",
              },
              Object {
                "cmd": "K 19",
                "image": Object {
                  "process": [Function],
                },
                "stopAtEnd": false,
                "title": "Push",
              },
              Object {
                "cmd": "K 10",
                "image": Object {
                  "process": [Function],
                },
                "stopAtEnd": false,
                "title": "Kinda Happy",
              },
              Object {
                "cmd": "K 8",
                "image": Object {
                  "process": [Function],
                },
                "stopAtEnd": false,
                "title": "Happy",
              },
              Object {
                "cmd": "K 9",
                "image": Object {
                  "process": [Function],
                },
                "stopAtEnd": false,
                "title": "Super Happy",
              },
              Object {
                "cmd": "K 11",
                "image": Object {
                  "process": [Function],
                },
                "stopAtEnd": false,
                "title": "Sad",
              },
              Object {
                "cmd": "K 7",
                "image": Object {
                  "process": [Function],
                },
                "stopAtEnd": false,
                "title": "Sleeping",
              },
              Object {
                "cmd": "K 3",
                "image": Object {
                  "process": [Function],
                },
                "stopAtEnd": false,
                "title": "Surprise",
              },
              Object {
                "cmd": "K 2",
                "image": Object {
                  "process": [Function],
                },
                "stopAtEnd": false,
                "title": "Disconnection",
              },
              Object {
                "cmd": "K 12",
                "image": Object {
                  "process": [Function],
                },
                "stopAtEnd": false,
                "title": "Confused",
              },
              Object {
                "cmd": "K 15",
                "image": Object {
                  "process": [Function],
                },
                "stopAtEnd": false,
                "title": "Fart",
              },
              Object {
                "cmd": "K 6",
                "image": Object {
                  "process": [Function],
                },
                "stopAtEnd": false,
                "title": "Cuddly",
              },
            ],
          },
          Object {
            "category": "Gestures",
            "id": "gestures",
            "image": Object {
              "process": [Function],
            },
            "items": Array [
              Object {
                "cmd": "H 1",
                "image": Object {
                  "process": [Function],
                },
                "stopAtEnd": false,
                "title": "Happy",
              },
              Object {
                "cmd": "H 2",
                "image": Object {
                  "process": [Function],
                },
                "stopAtEnd": false,
                "title": "Super Happy",
              },
              Object {
                "cmd": "H 7",
                "image": Object {
                  "process": [Function],
                },
                "stopAtEnd": false,
                "title": "Love",
              },
              Object {
                "cmd": "H 3",
                "image": Object {
                  "process": [Function],
                },
                "stopAtEnd": false,
                "title": "Sad",
              },
              Object {
                "cmd": "H 13",
                "image": Object {
                  "process": [Function],
                },
                "stopAtEnd": false,
                "title": "Fail",
              },
              Object {
                "cmd": "H 6",
                "image": Object {
                  "process": [Function],
                },
                "stopAtEnd": false,
                "title": "Confused",
              },
              Object {
                "cmd": "H 5",
                "image": Object {
                  "process": [Function],
                },
                "stopAtEnd": false,
                "title": "Fart",
              },
              Object {
                "cmd": "H 9",
                "image": Object {
                  "process": [Function],
                },
                "stopAtEnd": false,
                "title": "Fretful",
              },
              Object {
                "cmd": "H 8",
                "image": Object {
                  "process": [Function],
                },
                "stopAtEnd": false,
                "title": "Angry",
              },
              Object {
                "cmd": "H 4",
                "image": Object {
                  "process": [Function],
                },
                "stopAtEnd": false,
                "title": "Sleeping",
              },
              Object {
                "cmd": "H 10",
                "image": Object {
                  "process": [Function],
                },
                "stopAtEnd": false,
                "title": "Magic",
              },
              Object {
                "cmd": "H 12",
                "image": Object {
                  "process": [Function],
                },
                "stopAtEnd": false,
                "title": "Victory",
              },
              Object {
                "cmd": "H 11",
                "image": Object {
                  "process": [Function],
                },
                "stopAtEnd": false,
                "title": "Wave",
              },
            ],
          },
        ]
      }
    />
  </View>
  <Modal
    navigation={
      Object {
        "navigate": [Function],
      }
    }
    onBack={[Function]}
    onHidePress={[Function]}
    show={false}
    template="NotConnected"
  />
</Container>
`;
