// Jest Snapshot v1, https://goo.gl/fbAQLP

exports[`GetStarted Component renders correctly 1`] = `
<Container>
  <Carousel
    buttons={
      Array [
        "Next",
        "Connect",
        "Done",
      ]
    }
    onDone={[Function]}
    onPress={
      Array [
        null,
        [Function],
        null,
      ]
    }
  >
    <Card
      image={
        Object {
          "process": [Function],
        }
      }
      title="Hi there ðŸ‘‹"
    />
    <Card
      image={
        Object {
          "process": [Function],
        }
      }
      text="Letâ€™s get you connected & ready to start playing"
      title="Get connected"
    />
    <Card
      image={
        Object {
          "process": [Function],
        }
      }
      text="Youâ€™re all setup & ready to play"
      title="Woot woot ðŸŽ‰"
    />
  </Carousel>
</Container>
`;
